// Jest Snapshot v1, https://goo.gl/fbAQLP

exports[`<EnterprisesItem/> should render correctly 1`] = `
<View
  accessible={true}
  focusable={true}
  onClick={[Function]}
  onResponderGrant={[Function]}
  onResponderMove={[Function]}
  onResponderRelease={[Function]}
  onResponderTerminate={[Function]}
  onResponderTerminationRequest={[Function]}
  onStartShouldSetResponder={[Function]}
  style={
    Object {
      "backgroundColor": "#FFFFFF",
      "borderBottomColor": "#C0C0C0",
      "borderBottomWidth": 1,
      "borderRadius": 10,
      "elevation": 5,
      "flex": 1,
      "flexDirection": "row",
      "height": 80,
      "margin": 5,
      "opacity": 1,
      "shadowColor": "#000000",
      "shadowOffset": Object {
        "height": 2,
        "width": 0,
      },
      "shadowOpacity": 0.25,
      "shadowRadius": 3.84,
    }
  }
  testID="test_enterprises_item_button"
>
  <View
    style={
      Object {
        "alignItems": "center",
        "flex": 1,
        "justifyContent": "center",
      }
    }
  >
    <Image
      source={
        Object {
          "uri": "https://empresas.ioasys.com.br/photo.png",
        }
      }
      style={
        Object {
          "borderColor": "#C0C0C0",
          "borderRadius": 50,
          "borderWidth": 1,
          "height": 60,
          "shadowColor": "#000000",
          "shadowOffset": Object {
            "height": 2,
            "width": 2,
          },
          "shadowOpacity": 0.25,
          "shadowRadius": 3.84,
          "width": 60,
        }
      }
      testID="test_enterprises_item_image"
    />
  </View>
  <View
    style={
      Object {
        "flex": 1.5,
        "justifyContent": "center",
      }
    }
  >
    <Text
      style={
        Object {
          "fontSize": 16,
          "fontWeight": "bold",
        }
      }
    >
      Company test
    </Text>
    <Text
      style={
        Object {
          "fontSize": 14,
        }
      }
    >
      Type test
    </Text>
  </View>
  <View
    style={
      Object {
        "alignItems": "center",
        "flex": 1,
        "justifyContent": "center",
      }
    }
  >
    <View
      style={
        Object {
          "overflow": "hidden",
        }
      }
    >
      <View>
        <View
          style={
            Object {
              "alignItems": "center",
              "backgroundColor": "transparent",
              "justifyContent": "center",
            }
          }
        >
          <Text
            allowFontScaling={false}
            style={
              Array [
                Object {
                  "color": "#999",
                  "fontSize": 40,
                },
                Object {
                  "backgroundColor": "transparent",
                },
                Object {
                  "fontFamily": "FontAwesome",
                  "fontStyle": "normal",
                  "fontWeight": "normal",
                },
                Object {},
              ]
            }
            testID="iconIcon"
          >
            ï„…
          </Text>
        </View>
      </View>
    </View>
  </View>
</View>
`;
