// Jest Snapshot v1, https://goo.gl/fbAQLP

exports[`<Enterprise/> should render correctly 1`] = `
<View
  style={
    Object {
      "backgroundColor": "#F5FCFF",
      "flex": 1,
    }
  }
>
  <RCTScrollView
    testID="test_enterprise_scrollview"
  >
    <View>
      <View
        style={
          Object {
            "paddingBottom": 50,
            "paddingTop": 50,
          }
        }
      >
        <View
          style={
            Object {
              "alignItems": "center",
            }
          }
        >
          <Image
            source={
              Object {
                "uri": "https://empresas.ioasys.com.br/photo.png",
              }
            }
            style={
              Object {
                "borderColor": "#C0C0C0",
                "borderRadius": 150,
                "borderWidth": 1,
                "height": 150,
                "shadowColor": "#000000",
                "shadowOffset": Object {
                  "height": 2,
                  "width": 2,
                },
                "shadowOpacity": 0.25,
                "shadowRadius": 3.84,
                "width": 150,
              }
            }
            testID="test_enterprise_image"
          />
          <Text
            style={
              Object {
                "color": "#999",
                "lineHeight": 24,
                "margin": 20,
                "textAlign": "justify",
              }
            }
          >
            Description test
          </Text>
          <Text
            style={
              Object {
                "fontSize": 18,
                "fontWeight": "bold",
                "margin": 12,
                "textAlign": "justify",
              }
            }
          >
            Endere√ßo
          </Text>
          <Text>
            Brazil
             
            SP
          </Text>
        </View>
      </View>
    </View>
  </RCTScrollView>
</View>
`;
