// Jest Snapshot v1, https://goo.gl/fbAQLP

exports[`<LoadingSpinner/> renders correctly 1`] = `null`;
